CarbonTracker: WARNING - No API keys provided. Skipping intensity provider initialization.
CarbonTracker: WARNING - No API keys provided. Skipping intensity provider initialization.
CarbonTracker: WARNING - No API keys provided. Skipping intensity provider initialization.
CarbonTracker: WARNING - No API keys provided. Skipping intensity provider initialization.
CarbonTracker: The following components were found: GPU with device(s) NVIDIA L4, NVIDIA L4, NVIDIA L4, NVIDIA L4.
CarbonTracker: The following components were found: GPU with device(s) NVIDIA L4, NVIDIA L4, NVIDIA L4, NVIDIA L4.
CarbonTracker: The following components were found: GPU with device(s) NVIDIA L4, NVIDIA L4, NVIDIA L4, NVIDIA L4.
CarbonTracker: The following components were found: GPU with device(s) NVIDIA L4, NVIDIA L4, NVIDIA L4, NVIDIA L4.
[2026-06-04 10:49:24,508][geocoder.base][INFO] - Requested http://ipinfo.io/json
[2026-06-04 10:49:24,508][geocoder.base][INFO] - Requested http://ipinfo.io/json
[2026-06-04 10:49:24,509][geocoder.base][INFO] - Requested http://ipinfo.io/json
[2026-06-04 10:49:24,510][geocoder.base][INFO] - Requested http://ipinfo.io/json
CarbonTracker: WARNING - No carbon intensity provider specified. Using average carbon intensity for DK: 143.30 gCO2eq/kWh.
CarbonTracker: WARNING - No carbon intensity provider specified. Using average carbon intensity for DK: 143.30 gCO2eq/kWh.
CarbonTracker: WARNING - No carbon intensity provider specified. Using average carbon intensity for DK: 143.30 gCO2eq/kWh.
CarbonTracker: WARNING - No carbon intensity provider specified. Using average carbon intensity for DK: 143.30 gCO2eq/kWh.
Rank 0 num_batches = 176
Rank 3 num_batches = 176
Rank 2 num_batches = 176
Rank 1 num_batches = 176
Train Epoch: 1, Iteration: 0, Train Loss: 5.422692775726318
Epoch 1 train time: 212.74 s
Peak VRAM: 10474.3 MB
Current LR: 0.001
Epoch 1. Train Loss = 4.8204. Val Loss = 4.5875. Val Accuracy = 0.077. Val Precision = 0.068.Val Recall = 0.078.
CarbonTracker:
Predicted consumption for 3 epoch(s):
	Time:	0:26:23
	Energy:	0.034173559398 kWh
	CO2eq:	4.897085414698 g
	This is equivalent to:
	0.045852859688 km travelled by car
CarbonTracker:
Predicted consumption for 3 epoch(s):
	Time:	0:26:23
	Energy:	0.034194208907 kWh
	CO2eq:	4.900044497942 g
	This is equivalent to:
	0.045880566460 km travelled by car
CarbonTracker:
Predicted consumption for 3 epoch(s):
	Time:	0:26:23
	Energy:	0.034172184992 kWh
	CO2eq:	4.896888461635 g
	This is equivalent to:
	0.045851015558 km travelled by car
CarbonTracker:
Predicted consumption for 3 epoch(s):
	Time:	0:26:23
	Energy:	0.034187771900 kWh
	CO2eq:	4.899122072174 g
	This is equivalent to:
	0.045871929515 km travelled by car
Train Epoch: 2, Iteration: 0, Train Loss: 4.540461540222168
Epoch 2 train time: 199.73 s
Peak VRAM: 10473.3 MB
Current LR: 0.001
Epoch 2. Train Loss = 4.3555. Val Loss = 4.3676. Val Accuracy = 0.119. Val Precision = 0.119.Val Recall = 0.119.
Train Epoch: 3, Iteration: 0, Train Loss: 4.146024227142334
Epoch 3 train time: 197.83 s
Peak VRAM: 10473.3 MB
Current LR: 0.001
Epoch 3. Train Loss = 4.1234. Val Loss = 4.1922. Val Accuracy = 0.150. Val Precision = 0.183.Val Recall = 0.150.
CarbonTracker: Average carbon intensity during training was 143.30 gCO2eq/kWh.
CarbonTracker: Average carbon intensity during training was 143.30 gCO2eq/kWh.
CarbonTracker: Average carbon intensity during training was 143.30 gCO2eq/kWh.
CarbonTracker: Average carbon intensity during training was 143.30 gCO2eq/kWh.
CarbonTracker:
Actual consumption for 3 epoch(s):
	Time:	0:17:08
	Energy:	0.025837516391 kWh
	CO2eq:	3.702526950656 g
	This is equivalent to:
	0.034667855343 km travelled by car
CarbonTracker: Finished monitoring.
CarbonTracker:
Actual consumption for 3 epoch(s):
	Time:	0:17:08
	Energy:	0.025834545599 kWh
	CO2eq:	3.702101234818 g
	This is equivalent to:
	0.034663869240 km travelled by car
CarbonTracker:
Actual consumption for 3 epoch(s):
	Time:	0:17:08
	Energy:	0.025827996926 kWh
	CO2eq:	3.701162807284 g
	This is equivalent to:
	0.034655082465 km travelled by car
CarbonTracker: Finished monitoring.
CarbonTracker: Finished monitoring.
CarbonTracker:
Actual consumption for 3 epoch(s):
	Time:	0:17:08
	Energy:	0.025830296418 kWh
	CO2eq:	3.701492325353 g
	This is equivalent to:
	0.034658167840 km travelled by car
CarbonTracker: Finished monitoring.
[1;34mwandb[0m:
[1;34mwandb[0m: 🚀 View run [33mwise-valley-128[0m at: [34m[0m
[1;34mwandb[0m: Find logs at: [1;35mwandb/run-20260604_104928-jvbsizzj/logs[0m
