CarbonTracker: WARNING - No API keys provided. Skipping intensity provider initialization.
CarbonTracker: The following components were found: GPU with device(s) NVIDIA L4.
[2026-06-04 09:28:51,667][geocoder.base][INFO] - Requested http://ipinfo.io/json
CarbonTracker: WARNING - No carbon intensity provider specified. Using average carbon intensity for DK: 143.30 gCO2eq/kWh.
Rank 0 num_batches = 704
Train Epoch: 1, Iteration: 0, Train Loss: 5.403928756713867
Train Epoch: 1, Iteration: 200, Train Loss: 4.957058429718018
Train Epoch: 1, Iteration: 400, Train Loss: 4.883482933044434
Train Epoch: 1, Iteration: 600, Train Loss: 4.760617733001709
Epoch 1 train time: 777.61 s
Peak VRAM: 10431.3 MB
Current LR: 0.001
Epoch 1. Train Loss = 4.8760. Val Loss = 4.8558. Val Accuracy = 0.050. Val Precision = 0.060.Val Recall = 0.051.
CarbonTracker:
Predicted consumption for 3 epoch(s):
	Time:	0:41:27
	Energy:	0.077482030209 kWh
	CO2eq:	11.103207471435 g
	This is equivalent to:
	0.103962616774 km travelled by car
Train Epoch: 2, Iteration: 0, Train Loss: 4.571286201477051
Train Epoch: 2, Iteration: 200, Train Loss: 4.527471542358398
Train Epoch: 2, Iteration: 400, Train Loss: 4.4224748611450195
Train Epoch: 2, Iteration: 600, Train Loss: 4.1822829246521
Epoch 2 train time: 765.19 s
Peak VRAM: 10431.3 MB
Current LR: 0.001
Epoch 2. Train Loss = 4.4092. Val Loss = 4.4600. Val Accuracy = 0.099. Val Precision = 0.137.Val Recall = 0.101.
Train Epoch: 3, Iteration: 0, Train Loss: 4.206750869750977
Train Epoch: 3, Iteration: 200, Train Loss: 4.323747158050537
Train Epoch: 3, Iteration: 400, Train Loss: 4.296164512634277
Train Epoch: 3, Iteration: 600, Train Loss: 4.177279472351074
Epoch 3 train time: 762.17 s
Peak VRAM: 10431.3 MB
Current LR: 0.001
Epoch 3. Train Loss = 4.1672. Val Loss = 4.3190. Val Accuracy = 0.128. Val Precision = 0.190.Val Recall = 0.127.
CarbonTracker: Average carbon intensity during training was 143.30 gCO2eq/kWh.
CarbonTracker:
Actual consumption for 3 epoch(s):
	Time:	0:40:57
	Energy:	0.077143675920 kWh
	CO2eq:	11.054721159682 g
	This is equivalent to:
	0.103508625091 km travelled by car
CarbonTracker: Finished monitoring.
[1;34mwandb[0m:
[1;34mwandb[0m: 🚀 View run [33mdesert-elevator-125[0m at: [34m[0m
[1;34mwandb[0m: Find logs at: [1;35mwandb/run-20260604_092852-kdxec32e/logs[0m
