W0604 10:48:18.220000 205902 torch/distributed/run.py:803]
W0604 10:48:18.220000 205902 torch/distributed/run.py:803] *****************************************
W0604 10:48:18.220000 205902 torch/distributed/run.py:803] Setting OMP_NUM_THREADS environment variable for each process to be 1 in default, to avoid your system being overloaded, please further tune the variable for optimal performance in your application as needed.
W0604 10:48:18.220000 205902 torch/distributed/run.py:803] *****************************************
wandb: Currently logged in as: laerkeraaschou (laerkeraaschou-aalborg-universitet) to https://api.wandb.ai. Use `wandb login --relogin` to force relogin
wandb: setting up run jvbsizzj
wandb: Tracking run with wandb version 0.22.2
wandb: Run data is saved locally in /ceph/project/daki_mlops_p4g5/wandb/run-20260604_104928-jvbsizzj
wandb: Run `wandb offline` to turn off syncing.
wandb: Syncing run wise-valley-128
wandb: ⭐️ View project at https://wandb.ai/laerkeraaschou-aalborg-universitet/tiny-imagenet-resnet18
wandb: 🚀 View run at https://wandb.ai/laerkeraaschou-aalborg-universitet/tiny-imagenet-resnet18/runs/jvbsizzj
/ceph/home/student.aau.dk/yt84fi/.local/lib/python3.12/site-packages/hydra/_internal/instantiate/_instantiate2.py:92: FutureWarning: `torch.cuda.amp.GradScaler(args...)` is deprecated. Please use `torch.amp.GradScaler('cuda', args...)` instead.
  return _target_(*args, **kwargs)
/ceph/home/student.aau.dk/yt84fi/.local/lib/python3.12/site-packages/hydra/_internal/instantiate/_instantiate2.py:92: FutureWarning: `torch.cuda.amp.GradScaler(args...)` is deprecated. Please use `torch.amp.GradScaler('cuda', args...)` instead.
  return _target_(*args, **kwargs)
/ceph/home/student.aau.dk/yt84fi/.local/lib/python3.12/site-packages/hydra/_internal/instantiate/_instantiate2.py:92: FutureWarning: `torch.cuda.amp.GradScaler(args...)` is deprecated. Please use `torch.amp.GradScaler('cuda', args...)` instead.
  return _target_(*args, **kwargs)
/ceph/home/student.aau.dk/yt84fi/.local/lib/python3.12/site-packages/hydra/_internal/instantiate/_instantiate2.py:92: FutureWarning: `torch.cuda.amp.GradScaler(args...)` is deprecated. Please use `torch.amp.GradScaler('cuda', args...)` instead.
  return _target_(*args, **kwargs)
