CarbonTracker: WARNING - No API keys provided. Skipping intensity provider initialization.
CarbonTracker: The following components were found: GPU with device(s) NVIDIA L4.
[2026-06-04 10:00:52,346][geocoder.base][INFO] - Requested http://ipinfo.io/json
CarbonTracker: WARNING - No carbon intensity provider specified. Using average carbon intensity for DK: 143.30 gCO2eq/kWh.
Rank 0 num_batches = 704
Train Epoch: 1, Iteration: 0, Train Loss: 5.403943061828613
Train Epoch: 1, Iteration: 200, Train Loss: 4.984343528747559
Train Epoch: 1, Iteration: 400, Train Loss: 4.905362129211426
Train Epoch: 1, Iteration: 600, Train Loss: 4.758981704711914
Epoch 1 train time: 1786.88 s
Peak VRAM: 20650.5 MB
Current LR: 0.001
Epoch 1. Train Loss = 4.8446. Val Loss = 4.7527. Val Accuracy = 0.059. Val Precision = 0.067.Val Recall = 0.061.
CarbonTracker:
Predicted consumption for 3 epoch(s):
	Time:	1:31:58
	Energy:	0.172734637582 kWh
	CO2eq:	24.752946114030 g
	This is equivalent to:
	0.231769158371 km travelled by car
Train Epoch: 2, Iteration: 0, Train Loss: 4.484375953674316
Train Epoch: 2, Iteration: 200, Train Loss: 4.535107612609863
Train Epoch: 2, Iteration: 400, Train Loss: 4.359649658203125
Train Epoch: 2, Iteration: 600, Train Loss: 4.136528491973877
Epoch 2 train time: 1771.61 s
Peak VRAM: 20644.5 MB
Current LR: 0.001
Epoch 2. Train Loss = 4.3845. Val Loss = 4.2653. Val Accuracy = 0.129. Val Precision = 0.144.Val Recall = 0.129.
Train Epoch: 3, Iteration: 0, Train Loss: 4.200016975402832
Train Epoch: 3, Iteration: 200, Train Loss: 4.302463054656982
Train Epoch: 3, Iteration: 400, Train Loss: 4.26397705078125
Train Epoch: 3, Iteration: 600, Train Loss: 4.129543304443359
Epoch 3 train time: 1774.78 s
Peak VRAM: 20644.5 MB
Current LR: 0.001
Epoch 3. Train Loss = 4.1441. Val Loss = 4.3312. Val Accuracy = 0.130. Val Precision = 0.196.Val Recall = 0.128.
CarbonTracker: Average carbon intensity during training was 143.30 gCO2eq/kWh.
CarbonTracker:
Actual consumption for 3 epoch(s):
	Time:	1:31:26
	Energy:	0.172325288130 kWh
	CO2eq:	24.694286165656 g
	This is equivalent to:
	0.231219907918 km travelled by car
CarbonTracker: Finished monitoring.
[1;34mwandb[0m:
[1;34mwandb[0m: 🚀 View run [33mgenerous-lion-127[0m at: [34m[0m
[1;34mwandb[0m: Find logs at: [1;35mwandb/run-20260604_100053-279yo3dd/logs[0m
